
--- Query: who is the hod of cse department? ---
[1] Score: 0.825
Record from faculty table:
Faculty id: 52
Name: Dr. Mahesh Jangid
Designation: Associate Professor & Deputy HoD
Department id: 5
Department id (from departments): 5
Department name (from departments): Department of Computer Science & Engineering
---
[2] Score: 0.821
Record from department table:
Id: 1
Name: Department of Computer Science & Engineering
---
[3] Score: 0.821
Record from faculty table:
Faculty id: 51
Name: Dr. Neha Chaudhary
Designation: Professor & HoD
Department id: 5
Department id (from departments): 5
Department name (from departments): Department of Computer Science & Engineering
---
[4] Score: 0.819
Record from faculty table:
Faculty id: 139
Name: Dr. Mahesh Jangid
Designation: Associate Professor & Deputy HoD
Department id: 1
Department id (from departments): 1
Department name (from departments): Department of Economics
---
[5] Score: 0.813
Record from departments table:
Department id: 5
Department name: Department of Computer Science & Engineering
---
[6] Score: 0.813
Record from faculty table:
Faculty id: 138
Name: Dr. Neha Chaudhary
Designation: Professor & HoD
Department id: 1
Department id (from departments): 1
Department name (from departments): Department of Economics
---
[7] Score: 0.802
Record from faculty table:
Faculty id: 88
Name: Dr. Manu Shrivastava
Designation: Assistant Professor (Senior Scale)
Department id: 5
Department id (from departments): 5
Department name (from departments): Department of Computer Science & Engineering
---
[8] Score: 0.802
Record from faculty table:
Faculty id: 223
Name: Dr. Sunny Dawar
Designation: Associate Professor & HoD (I/C)
Department id: 1
Department id (from departments): 1
Department name (from departments): Department of Economics
---
[9] Score: 0.802
Record from departments table:
Department id: 1
Department name: Department of Economics
---
[10] Score: 0.801
Record from faculty table:
Faculty id: 251
Name: Dr. Gulab Chand
Designation: Assistant Professor (Senior Scale)
Department id: 3
Department id (from departments): 3
Department name (from departments): Department of Languages, Literatures and Cultural Studies
---
[11] Score: 0.800
Record from faculty table:
Faculty id: 54
Name: Dr. Aditya Sinha
Designation: Assistant Professor
Department id: 5
Department id (from departments): 5
Department name (from departments): Department of Computer Science & Engineering
---
[12] Score: 0.800
Record from faculty table:
Faculty id: 59
Name: Dr. Akshay Jadhav
Designation: Assistant Professor
Department id: 5
Department id (from departments): 5
Department name (from departments): Department of Computer Science & Engineering
---
[13] Score: 0.800
Record from faculty table:
Faculty id: 209
Name: Dr. Sushama
Designation: Assistant Professor (Senior Scale) & Assistant Director, Directorate of Student Welfare
Department id: 1
Department id (from departments): 1
Department name (from departments): Department of Economics
---
[14] Score: 0.799
Record from faculty table:
Faculty id: 126
Name: Mr. Tarun Jain
Designation: Assistant Professor (Senior Scale)
Department id: 5
Department id (from departments): 5
Department name (from departments): Department of Computer Science & Engineering
---
[15] Score: 0.799
Record from faculty table:
Faculty id: 219
Name: Mr. Vijay Hasan Puri
Designation: Assistant Professor
Department id: 1
Department id (from departments): 1
Department name (from departments): Department of Economics
---
[16] Score: 0.799
Record from faculty table:
Faculty id: 213
Name: Mr. Tarun Jain
Designation: Assistant Professor (Senior Scale)
Department id: 1
Department id (from departments): 1
Department name (from departments): Department of Economics
---
[17] Score: 0.799
Record from faculty table:
Faculty id: 1
Name: Dr. Sunny Dawar
Designation: Associate Professor & HoD (I/C)
Department id: 1
Department id (from departments): 1
Department name (from departments): Department of Economics
---
[18] Score: 0.798
Record from faculty table:
Faculty id: 93
Name: Dr. Neha Janu
Designation: Associate Professor
Department id: 5
Department id (from departments): 5
Department name (from departments): Department of Computer Science & Engineering
---
[19] Score: 0.798
Record from faculty table:
Faculty id: 29
Name: Dr. Gulab Chand
Designation: Assistant Professor (Senior Scale)
Department id: 3
Department id (from departments): 3
Department name (from departments): Department of Languages, Literatures and Cultural Studies
---
[20] Score: 0.798
Record from faculty table:
Faculty id: 175
Name: Dr. Manu Shrivastava
Designation: Assistant Professor (Senior Scale)
Department id: 1
Department id (from departments): 1
Department name (from departments): Department of Economics
---

--- Query: who is the hod of cse? ---
[1] Score: 0.800
Record from faculty table:
Faculty id: 52
Name: Dr. Mahesh Jangid
Designation: Associate Professor & Deputy HoD
Department id: 5
Department id (from departments): 5
Department name (from departments): Department of Computer Science & Engineering
---
[2] Score: 0.794
Record from faculty table:
Faculty id: 51
Name: Dr. Neha Chaudhary
Designation: Professor & HoD
Department id: 5
Department id (from departments): 5
Department name (from departments): Department of Computer Science & Engineering
---
[3] Score: 0.794
Record from faculty table:
Faculty id: 139
Name: Dr. Mahesh Jangid
Designation: Associate Professor & Deputy HoD
Department id: 1
Department id (from departments): 1
Department name (from departments): Department of Economics
---
[4] Score: 0.785
Record from faculty table:
Faculty id: 138
Name: Dr. Neha Chaudhary
Designation: Professor & HoD
Department id: 1
Department id (from departments): 1
Department name (from departments): Department of Economics
---
[5] Score: 0.785
Record from department table:
Id: 1
Name: Department of Computer Science & Engineering
---
[6] Score: 0.778
Record from subjects table:
Subject id: 1
Subject name: DAA
---
[7] Score: 0.776
Record from departments table:
Department id: 5
Department name: Department of Computer Science & Engineering
---
[8] Score: 0.776
Record from faculty table:
Faculty id: 223
Name: Dr. Sunny Dawar
Designation: Associate Professor & HoD (I/C)
Department id: 1
Department id (from departments): 1
Department name (from departments): Department of Economics
---
[9] Score: 0.774
Record from faculty table:
Faculty id: 88
Name: Dr. Manu Shrivastava
Designation: Assistant Professor (Senior Scale)
Department id: 5
Department id (from departments): 5
Department name (from departments): Department of Computer Science & Engineering
---
[10] Score: 0.774
Record from faculty table:
Faculty id: 229
Name: Dr. Shilpi Gupta
Designation: Associate Professor (Senior Scale)
Department id: 1
Department id (from departments): 1
Department name (from departments): Department of Economics
---
[11] Score: 0.774
Record from faculty table:
Faculty id: 219
Name: Mr. Vijay Hasan Puri
Designation: Assistant Professor
Department id: 1
Department id (from departments): 1
Department name (from departments): Department of Economics
---
[12] Score: 0.774
Record from faculty table:
Faculty id: 93
Name: Dr. Neha Janu
Designation: Associate Professor
Department id: 5
Department id (from departments): 5
Department name (from departments): Department of Computer Science & Engineering
---
[13] Score: 0.774
Record from faculty table:
Faculty id: 126
Name: Mr. Tarun Jain
Designation: Assistant Professor (Senior Scale)
Department id: 5
Department id (from departments): 5
Department name (from departments): Department of Computer Science & Engineering
---
[14] Score: 0.774
Record from faculty table:
Faculty id: 207
Name: Dr. Sunita Singhal
Designation: Associate Professor (Senior Scale)
Department id: 1
Department id (from departments): 1
Department name (from departments): Department of Economics
---
[15] Score: 0.774
Record from faculty table:
Faculty id: 54
Name: Dr. Aditya Sinha
Designation: Assistant Professor
Department id: 5
Department id (from departments): 5
Department name (from departments): Department of Computer Science & Engineering
---
[16] Score: 0.773
Record from faculty table:
Faculty id: 251
Name: Dr. Gulab Chand
Designation: Assistant Professor (Senior Scale)
Department id: 3
Department id (from departments): 3
Department name (from departments): Department of Languages, Literatures and Cultural Studies
---
[17] Score: 0.773
Record from faculty table:
Faculty id: 244
Name: Dr. Utsav Krishan Murari
Designation: Assistant Professor
Department id: 2
Department id (from departments): 2
Department name (from departments): Department of Journalism and Mass Communication
---
[18] Score: 0.773
Record from faculty table:
Faculty id: 201
Name: Dr. Shikha Mundra
Designation: Assistant Professor (Senior Scale)
Department id: 1
Department id (from departments): 1
Department name (from departments): Department of Economics
---
[19] Score: 0.773
Record from faculty table:
Faculty id: 114
Name: Dr. Shikha Mundra
Designation: Assistant Professor (Senior Scale)
Department id: 5
Department id (from departments): 5
Department name (from departments): Department of Computer Science & Engineering
---
[20] Score: 0.773
Record from faculty table:
Faculty id: 213
Name: Mr. Tarun Jain
Designation: Assistant Professor (Senior Scale)
Department id: 1
Department id (from departments): 1
Department name (from departments): Department of Economics
---

--- Query: who is the hod of cse ---
[1] Score: 0.809
Record from faculty table:
Faculty id: 52
Name: Dr. Mahesh Jangid
Designation: Associate Professor & Deputy HoD
Department id: 5
Department id (from departments): 5
Department name (from departments): Department of Computer Science & Engineering
---
[2] Score: 0.804
Record from faculty table:
Faculty id: 139
Name: Dr. Mahesh Jangid
Designation: Associate Professor & Deputy HoD
Department id: 1
Department id (from departments): 1
Department name (from departments): Department of Economics
---
[3] Score: 0.803
Record from faculty table:
Faculty id: 51
Name: Dr. Neha Chaudhary
Designation: Professor & HoD
Department id: 5
Department id (from departments): 5
Department name (from departments): Department of Computer Science & Engineering
---
[4] Score: 0.795
Record from faculty table:
Faculty id: 138
Name: Dr. Neha Chaudhary
Designation: Professor & HoD
Department id: 1
Department id (from departments): 1
Department name (from departments): Department of Economics
---
[5] Score: 0.788
Record from department table:
Id: 1
Name: Department of Computer Science & Engineering
---
[6] Score: 0.787
Record from faculty table:
Faculty id: 223
Name: Dr. Sunny Dawar
Designation: Associate Professor & HoD (I/C)
Department id: 1
Department id (from departments): 1
Department name (from departments): Department of Economics
---
[7] Score: 0.785
Record from faculty table:
Faculty id: 229
Name: Dr. Shilpi Gupta
Designation: Associate Professor (Senior Scale)
Department id: 1
Department id (from departments): 1
Department name (from departments): Department of Economics
---
[8] Score: 0.784
Record from faculty table:
Faculty id: 207
Name: Dr. Sunita Singhal
Designation: Associate Professor (Senior Scale)
Department id: 1
Department id (from departments): 1
Department name (from departments): Department of Economics
---
[9] Score: 0.784
Record from subjects table:
Subject id: 1
Subject name: DAA
---
[10] Score: 0.784
Record from faculty table:
Faculty id: 219
Name: Mr. Vijay Hasan Puri
Designation: Assistant Professor
Department id: 1
Department id (from departments): 1
Department name (from departments): Department of Economics
---
[11] Score: 0.784
Record from faculty table:
Faculty id: 1
Name: Dr. Sunny Dawar
Designation: Associate Professor & HoD (I/C)
Department id: 1
Department id (from departments): 1
Department name (from departments): Department of Economics
---
[12] Score: 0.784
Record from faculty table:
Faculty id: 88
Name: Dr. Manu Shrivastava
Designation: Assistant Professor (Senior Scale)
Department id: 5
Department id (from departments): 5
Department name (from departments): Department of Computer Science & Engineering
---
[13] Score: 0.784
Record from faculty table:
Faculty id: 201
Name: Dr. Shikha Mundra
Designation: Assistant Professor (Senior Scale)
Department id: 1
Department id (from departments): 1
Department name (from departments): Department of Economics
---
[14] Score: 0.783
Record from faculty table:
Faculty id: 213
Name: Mr. Tarun Jain
Designation: Assistant Professor (Senior Scale)
Department id: 1
Department id (from departments): 1
Department name (from departments): Department of Economics
---
[15] Score: 0.783
Record from faculty table:
Faculty id: 126
Name: Mr. Tarun Jain
Designation: Assistant Professor (Senior Scale)
Department id: 5
Department id (from departments): 5
Department name (from departments): Department of Computer Science & Engineering
---
[16] Score: 0.782
Record from faculty table:
Faculty id: 114
Name: Dr. Shikha Mundra
Designation: Assistant Professor (Senior Scale)
Department id: 5
Department id (from departments): 5
Department name (from departments): Department of Computer Science & Engineering
---
[17] Score: 0.782
Record from faculty table:
Faculty id: 93
Name: Dr. Neha Janu
Designation: Associate Professor
Department id: 5
Department id (from departments): 5
Department name (from departments): Department of Computer Science & Engineering
---
[18] Score: 0.781
Record from faculty table:
Faculty id: 120
Name: Dr. Sunita Singhal
Designation: Associate Professor (Senior Scale)
Department id: 5
Department id (from departments): 5
Department name (from departments): Department of Computer Science & Engineering
---
[19] Score: 0.781
Record from faculty table:
Faculty id: 107
Name: Mr. Sachin Gupta
Designation: Assistant Professor (Senior Scale)
Department id: 5
Department id (from departments): 5
Department name (from departments): Department of Computer Science & Engineering
---
[20] Score: 0.781
Record from faculty table:
Faculty id: 132
Name: Mr. Vijay Hasan Puri
Designation: Assistant Professor
Department id: 5
Department id (from departments): 5
Department name (from departments): Department of Computer Science & Engineering
---

--- Query: who is the hod of cse department ---
[1] Score: 0.840
Record from faculty table:
Faculty id: 52
Name: Dr. Mahesh Jangid
Designation: Associate Professor & Deputy HoD
Department id: 5
Department id (from departments): 5
Department name (from departments): Department of Computer Science & Engineering
---
[2] Score: 0.836
Record from faculty table:
Faculty id: 51
Name: Dr. Neha Chaudhary
Designation: Professor & HoD
Department id: 5
Department id (from departments): 5
Department name (from departments): Department of Computer Science & Engineering
---
[3] Score: 0.835
Record from faculty table:
Faculty id: 139
Name: Dr. Mahesh Jangid
Designation: Associate Professor & Deputy HoD
Department id: 1
Department id (from departments): 1
Department name (from departments): Department of Economics
---
[4] Score: 0.828
Record from faculty table:
Faculty id: 138
Name: Dr. Neha Chaudhary
Designation: Professor & HoD
Department id: 1
Department id (from departments): 1
Department name (from departments): Department of Economics
---
[5] Score: 0.827
Record from department table:
Id: 1
Name: Department of Computer Science & Engineering
---
[6] Score: 0.819
Record from departments table:
Department id: 5
Department name: Department of Computer Science & Engineering
---
[7] Score: 0.819
Record from faculty table:
Faculty id: 223
Name: Dr. Sunny Dawar
Designation: Associate Professor & HoD (I/C)
Department id: 1
Department id (from departments): 1
Department name (from departments): Department of Economics
---
[8] Score: 0.816
Record from faculty table:
Faculty id: 88
Name: Dr. Manu Shrivastava
Designation: Assistant Professor (Senior Scale)
Department id: 5
Department id (from departments): 5
Department name (from departments): Department of Computer Science & Engineering
---
[9] Score: 0.815
Record from faculty table:
Faculty id: 1
Name: Dr. Sunny Dawar
Designation: Associate Professor & HoD (I/C)
Department id: 1
Department id (from departments): 1
Department name (from departments): Department of Economics
---
[10] Score: 0.815
Record from faculty table:
Faculty id: 213
Name: Mr. Tarun Jain
Designation: Assistant Professor (Senior Scale)
Department id: 1
Department id (from departments): 1
Department name (from departments): Department of Economics
---
[11] Score: 0.814
Record from faculty table:
Faculty id: 209
Name: Dr. Sushama
Designation: Assistant Professor (Senior Scale) & Assistant Director, Directorate of Student Welfare
Department id: 1
Department id (from departments): 1
Department name (from departments): Department of Economics
---
[12] Score: 0.814
Record from faculty table:
Faculty id: 219
Name: Mr. Vijay Hasan Puri
Designation: Assistant Professor
Department id: 1
Department id (from departments): 1
Department name (from departments): Department of Economics
---
[13] Score: 0.814
Record from faculty table:
Faculty id: 175
Name: Dr. Manu Shrivastava
Designation: Assistant Professor (Senior Scale)
Department id: 1
Department id (from departments): 1
Department name (from departments): Department of Economics
---
[14] Score: 0.813
Record from faculty table:
Faculty id: 126
Name: Mr. Tarun Jain
Designation: Assistant Professor (Senior Scale)
Department id: 5
Department id (from departments): 5
Department name (from departments): Department of Computer Science & Engineering
---
[15] Score: 0.812
Record from faculty table:
Faculty id: 201
Name: Dr. Shikha Mundra
Designation: Assistant Professor (Senior Scale)
Department id: 1
Department id (from departments): 1
Department name (from departments): Department of Economics
---
[16] Score: 0.812
Record from faculty table:
Faculty id: 59
Name: Dr. Akshay Jadhav
Designation: Assistant Professor
Department id: 5
Department id (from departments): 5
Department name (from departments): Department of Computer Science & Engineering
---
[17] Score: 0.812
Record from faculty table:
Faculty id: 107
Name: Mr. Sachin Gupta
Designation: Assistant Professor (Senior Scale)
Department id: 5
Department id (from departments): 5
Department name (from departments): Department of Computer Science & Engineering
---
[18] Score: 0.812
Record from faculty table:
Faculty id: 251
Name: Dr. Gulab Chand
Designation: Assistant Professor (Senior Scale)
Department id: 3
Department id (from departments): 3
Department name (from departments): Department of Languages, Literatures and Cultural Studies
---
[19] Score: 0.811
Record from faculty table:
Faculty id: 122
Name: Dr. Sushama
Designation: Assistant Professor (Senior Scale) & Assistant Director, Directorate of Student Welfare
Department id: 5
Department id (from departments): 5
Department name (from departments): Department of Computer Science & Engineering
---
[20] Score: 0.811
Record from faculty table:
Faculty id: 54
Name: Dr. Aditya Sinha
Designation: Assistant Professor
Department id: 5
Department id (from departments): 5
Department name (from departments): Department of Computer Science & Engineering
---

--- Query: who is the hod of cse? ---
[1] Score: 0.800
Record from faculty table:
Faculty id: 52
Name: Dr. Mahesh Jangid
Designation: Associate Professor & Deputy HoD
Department id: 5
Department id (from departments): 5
Department name (from departments): Department of Computer Science & Engineering
---
[2] Score: 0.794
Record from faculty table:
Faculty id: 51
Name: Dr. Neha Chaudhary
Designation: Professor & HoD
Department id: 5
Department id (from departments): 5
Department name (from departments): Department of Computer Science & Engineering
---
[3] Score: 0.794
Record from faculty table:
Faculty id: 139
Name: Dr. Mahesh Jangid
Designation: Associate Professor & Deputy HoD
Department id: 1
Department id (from departments): 1
Department name (from departments): Department of Economics
---
[4] Score: 0.785
Record from faculty table:
Faculty id: 138
Name: Dr. Neha Chaudhary
Designation: Professor & HoD
Department id: 1
Department id (from departments): 1
Department name (from departments): Department of Economics
---
[5] Score: 0.785
Record from department table:
Id: 1
Name: Department of Computer Science & Engineering
---
[6] Score: 0.778
Record from subjects table:
Subject id: 1
Subject name: DAA
---
[7] Score: 0.776
Record from departments table:
Department id: 5
Department name: Department of Computer Science & Engineering
---
[8] Score: 0.776
Record from faculty table:
Faculty id: 223
Name: Dr. Sunny Dawar
Designation: Associate Professor & HoD (I/C)
Department id: 1
Department id (from departments): 1
Department name (from departments): Department of Economics
---
[9] Score: 0.774
Record from faculty table:
Faculty id: 88
Name: Dr. Manu Shrivastava
Designation: Assistant Professor (Senior Scale)
Department id: 5
Department id (from departments): 5
Department name (from departments): Department of Computer Science & Engineering
---
[10] Score: 0.774
Record from faculty table:
Faculty id: 229
Name: Dr. Shilpi Gupta
Designation: Associate Professor (Senior Scale)
Department id: 1
Department id (from departments): 1
Department name (from departments): Department of Economics
---
[11] Score: 0.774
Record from faculty table:
Faculty id: 219
Name: Mr. Vijay Hasan Puri
Designation: Assistant Professor
Department id: 1
Department id (from departments): 1
Department name (from departments): Department of Economics
---
[12] Score: 0.774
Record from faculty table:
Faculty id: 93
Name: Dr. Neha Janu
Designation: Associate Professor
Department id: 5
Department id (from departments): 5
Department name (from departments): Department of Computer Science & Engineering
---
[13] Score: 0.774
Record from faculty table:
Faculty id: 126
Name: Mr. Tarun Jain
Designation: Assistant Professor (Senior Scale)
Department id: 5
Department id (from departments): 5
Department name (from departments): Department of Computer Science & Engineering
---
[14] Score: 0.774
Record from faculty table:
Faculty id: 207
Name: Dr. Sunita Singhal
Designation: Associate Professor (Senior Scale)
Department id: 1
Department id (from departments): 1
Department name (from departments): Department of Economics
---
[15] Score: 0.774
Record from faculty table:
Faculty id: 54
Name: Dr. Aditya Sinha
Designation: Assistant Professor
Department id: 5
Department id (from departments): 5
Department name (from departments): Department of Computer Science & Engineering
---
[16] Score: 0.773
Record from faculty table:
Faculty id: 251
Name: Dr. Gulab Chand
Designation: Assistant Professor (Senior Scale)
Department id: 3
Department id (from departments): 3
Department name (from departments): Department of Languages, Literatures and Cultural Studies
---
[17] Score: 0.773
Record from faculty table:
Faculty id: 244
Name: Dr. Utsav Krishan Murari
Designation: Assistant Professor
Department id: 2
Department id (from departments): 2
Department name (from departments): Department of Journalism and Mass Communication
---
[18] Score: 0.773
Record from faculty table:
Faculty id: 201
Name: Dr. Shikha Mundra
Designation: Assistant Professor (Senior Scale)
Department id: 1
Department id (from departments): 1
Department name (from departments): Department of Economics
---
[19] Score: 0.773
Record from faculty table:
Faculty id: 114
Name: Dr. Shikha Mundra
Designation: Assistant Professor (Senior Scale)
Department id: 5
Department id (from departments): 5
Department name (from departments): Department of Computer Science & Engineering
---
[20] Score: 0.773
Record from faculty table:
Faculty id: 213
Name: Mr. Tarun Jain
Designation: Assistant Professor (Senior Scale)
Department id: 1
Department id (from departments): 1
Department name (from departments): Department of Economics
---

--- Query: who is the hod of cse? ---
[1] Score: 0.800
Record from faculty table:
Faculty id: 52
Name: Dr. Mahesh Jangid
Designation: Associate Professor & Deputy HoD
Department id: 5
Department id (from departments): 5
Department name (from departments): Department of Computer Science & Engineering
---
[2] Score: 0.794
Record from faculty table:
Faculty id: 51
Name: Dr. Neha Chaudhary
Designation: Professor & HoD
Department id: 5
Department id (from departments): 5
Department name (from departments): Department of Computer Science & Engineering
---
[3] Score: 0.794
Record from faculty table:
Faculty id: 139
Name: Dr. Mahesh Jangid
Designation: Associate Professor & Deputy HoD
Department id: 1
Department id (from departments): 1
Department name (from departments): Department of Economics
---
[4] Score: 0.785
Record from faculty table:
Faculty id: 138
Name: Dr. Neha Chaudhary
Designation: Professor & HoD
Department id: 1
Department id (from departments): 1
Department name (from departments): Department of Economics
---
[5] Score: 0.785
Record from department table:
Id: 1
Name: Department of Computer Science & Engineering
---
[6] Score: 0.778
Record from subjects table:
Subject id: 1
Subject name: DAA
---
[7] Score: 0.776
Record from departments table:
Department id: 5
Department name: Department of Computer Science & Engineering
---
[8] Score: 0.776
Record from faculty table:
Faculty id: 223
Name: Dr. Sunny Dawar
Designation: Associate Professor & HoD (I/C)
Department id: 1
Department id (from departments): 1
Department name (from departments): Department of Economics
---
[9] Score: 0.774
Record from faculty table:
Faculty id: 88
Name: Dr. Manu Shrivastava
Designation: Assistant Professor (Senior Scale)
Department id: 5
Department id (from departments): 5
Department name (from departments): Department of Computer Science & Engineering
---
[10] Score: 0.774
Record from faculty table:
Faculty id: 229
Name: Dr. Shilpi Gupta
Designation: Associate Professor (Senior Scale)
Department id: 1
Department id (from departments): 1
Department name (from departments): Department of Economics
---
[11] Score: 0.774
Record from faculty table:
Faculty id: 219
Name: Mr. Vijay Hasan Puri
Designation: Assistant Professor
Department id: 1
Department id (from departments): 1
Department name (from departments): Department of Economics
---
[12] Score: 0.774
Record from faculty table:
Faculty id: 93
Name: Dr. Neha Janu
Designation: Associate Professor
Department id: 5
Department id (from departments): 5
Department name (from departments): Department of Computer Science & Engineering
---
[13] Score: 0.774
Record from faculty table:
Faculty id: 126
Name: Mr. Tarun Jain
Designation: Assistant Professor (Senior Scale)
Department id: 5
Department id (from departments): 5
Department name (from departments): Department of Computer Science & Engineering
---
[14] Score: 0.774
Record from faculty table:
Faculty id: 207
Name: Dr. Sunita Singhal
Designation: Associate Professor (Senior Scale)
Department id: 1
Department id (from departments): 1
Department name (from departments): Department of Economics
---
[15] Score: 0.774
Record from faculty table:
Faculty id: 54
Name: Dr. Aditya Sinha
Designation: Assistant Professor
Department id: 5
Department id (from departments): 5
Department name (from departments): Department of Computer Science & Engineering
---
[16] Score: 0.773
Record from faculty table:
Faculty id: 251
Name: Dr. Gulab Chand
Designation: Assistant Professor (Senior Scale)
Department id: 3
Department id (from departments): 3
Department name (from departments): Department of Languages, Literatures and Cultural Studies
---
[17] Score: 0.773
Record from faculty table:
Faculty id: 244
Name: Dr. Utsav Krishan Murari
Designation: Assistant Professor
Department id: 2
Department id (from departments): 2
Department name (from departments): Department of Journalism and Mass Communication
---
[18] Score: 0.773
Record from faculty table:
Faculty id: 201
Name: Dr. Shikha Mundra
Designation: Assistant Professor (Senior Scale)
Department id: 1
Department id (from departments): 1
Department name (from departments): Department of Economics
---
[19] Score: 0.773
Record from faculty table:
Faculty id: 114
Name: Dr. Shikha Mundra
Designation: Assistant Professor (Senior Scale)
Department id: 5
Department id (from departments): 5
Department name (from departments): Department of Computer Science & Engineering
---
[20] Score: 0.773
Record from faculty table:
Faculty id: 213
Name: Mr. Tarun Jain
Designation: Assistant Professor (Senior Scale)
Department id: 1
Department id (from departments): 1
Department name (from departments): Department of Economics
---

--- Query: who is the hod of cse? ---
[1] Score: 0.800
Record from faculty table:
Faculty id: 52
Name: Dr. Mahesh Jangid
Designation: Associate Professor & Deputy HoD
Department id: 5
Department id (from departments): 5
Department name (from departments): Department of Computer Science & Engineering
---
[2] Score: 0.794
Record from faculty table:
Faculty id: 51
Name: Dr. Neha Chaudhary
Designation: Professor & HoD
Department id: 5
Department id (from departments): 5
Department name (from departments): Department of Computer Science & Engineering
---
[3] Score: 0.794
Record from faculty table:
Faculty id: 139
Name: Dr. Mahesh Jangid
Designation: Associate Professor & Deputy HoD
Department id: 1
Department id (from departments): 1
Department name (from departments): Department of Economics
---
[4] Score: 0.785
Record from faculty table:
Faculty id: 138
Name: Dr. Neha Chaudhary
Designation: Professor & HoD
Department id: 1
Department id (from departments): 1
Department name (from departments): Department of Economics
---
[5] Score: 0.785
Record from department table:
Id: 1
Name: Department of Computer Science & Engineering
---
[6] Score: 0.778
Record from subjects table:
Subject id: 1
Subject name: DAA
---
[7] Score: 0.776
Record from departments table:
Department id: 5
Department name: Department of Computer Science & Engineering
---
[8] Score: 0.776
Record from faculty table:
Faculty id: 223
Name: Dr. Sunny Dawar
Designation: Associate Professor & HoD (I/C)
Department id: 1
Department id (from departments): 1
Department name (from departments): Department of Economics
---
[9] Score: 0.774
Record from faculty table:
Faculty id: 88
Name: Dr. Manu Shrivastava
Designation: Assistant Professor (Senior Scale)
Department id: 5
Department id (from departments): 5
Department name (from departments): Department of Computer Science & Engineering
---
[10] Score: 0.774
Record from faculty table:
Faculty id: 229
Name: Dr. Shilpi Gupta
Designation: Associate Professor (Senior Scale)
Department id: 1
Department id (from departments): 1
Department name (from departments): Department of Economics
---
[11] Score: 0.774
Record from faculty table:
Faculty id: 219
Name: Mr. Vijay Hasan Puri
Designation: Assistant Professor
Department id: 1
Department id (from departments): 1
Department name (from departments): Department of Economics
---
[12] Score: 0.774
Record from faculty table:
Faculty id: 93
Name: Dr. Neha Janu
Designation: Associate Professor
Department id: 5
Department id (from departments): 5
Department name (from departments): Department of Computer Science & Engineering
---
[13] Score: 0.774
Record from faculty table:
Faculty id: 126
Name: Mr. Tarun Jain
Designation: Assistant Professor (Senior Scale)
Department id: 5
Department id (from departments): 5
Department name (from departments): Department of Computer Science & Engineering
---
[14] Score: 0.774
Record from faculty table:
Faculty id: 207
Name: Dr. Sunita Singhal
Designation: Associate Professor (Senior Scale)
Department id: 1
Department id (from departments): 1
Department name (from departments): Department of Economics
---
[15] Score: 0.774
Record from faculty table:
Faculty id: 54
Name: Dr. Aditya Sinha
Designation: Assistant Professor
Department id: 5
Department id (from departments): 5
Department name (from departments): Department of Computer Science & Engineering
---
[16] Score: 0.773
Record from faculty table:
Faculty id: 251
Name: Dr. Gulab Chand
Designation: Assistant Professor (Senior Scale)
Department id: 3
Department id (from departments): 3
Department name (from departments): Department of Languages, Literatures and Cultural Studies
---
[17] Score: 0.773
Record from faculty table:
Faculty id: 244
Name: Dr. Utsav Krishan Murari
Designation: Assistant Professor
Department id: 2
Department id (from departments): 2
Department name (from departments): Department of Journalism and Mass Communication
---
[18] Score: 0.773
Record from faculty table:
Faculty id: 201
Name: Dr. Shikha Mundra
Designation: Assistant Professor (Senior Scale)
Department id: 1
Department id (from departments): 1
Department name (from departments): Department of Economics
---
[19] Score: 0.773
Record from faculty table:
Faculty id: 114
Name: Dr. Shikha Mundra
Designation: Assistant Professor (Senior Scale)
Department id: 5
Department id (from departments): 5
Department name (from departments): Department of Computer Science & Engineering
---
[20] Score: 0.773
Record from faculty table:
Faculty id: 213
Name: Mr. Tarun Jain
Designation: Assistant Professor (Senior Scale)
Department id: 1
Department id (from departments): 1
Department name (from departments): Department of Economics
---

--- Query: who is the hod of cse? ---
[1] Score: 0.800
Record from faculty table:
Faculty id: 52
Name: Dr. Mahesh Jangid
Designation: Associate Professor & Deputy HoD
Department id: 5
Department id (from departments): 5
Department name (from departments): Department of Computer Science & Engineering
---
[2] Score: 0.794
Record from faculty table:
Faculty id: 51
Name: Dr. Neha Chaudhary
Designation: Professor & HoD
Department id: 5
Department id (from departments): 5
Department name (from departments): Department of Computer Science & Engineering
---
[3] Score: 0.794
Record from faculty table:
Faculty id: 139
Name: Dr. Mahesh Jangid
Designation: Associate Professor & Deputy HoD
Department id: 1
Department id (from departments): 1
Department name (from departments): Department of Economics
---
[4] Score: 0.785
Record from faculty table:
Faculty id: 138
Name: Dr. Neha Chaudhary
Designation: Professor & HoD
Department id: 1
Department id (from departments): 1
Department name (from departments): Department of Economics
---
[5] Score: 0.785
Record from department table:
Id: 1
Name: Department of Computer Science & Engineering
---
[6] Score: 0.778
Record from subjects table:
Subject id: 1
Subject name: DAA
---
[7] Score: 0.776
Record from departments table:
Department id: 5
Department name: Department of Computer Science & Engineering
---
[8] Score: 0.776
Record from faculty table:
Faculty id: 223
Name: Dr. Sunny Dawar
Designation: Associate Professor & HoD (I/C)
Department id: 1
Department id (from departments): 1
Department name (from departments): Department of Economics
---
[9] Score: 0.774
Record from faculty table:
Faculty id: 88
Name: Dr. Manu Shrivastava
Designation: Assistant Professor (Senior Scale)
Department id: 5
Department id (from departments): 5
Department name (from departments): Department of Computer Science & Engineering
---
[10] Score: 0.774
Record from faculty table:
Faculty id: 229
Name: Dr. Shilpi Gupta
Designation: Associate Professor (Senior Scale)
Department id: 1
Department id (from departments): 1
Department name (from departments): Department of Economics
---
[11] Score: 0.774
Record from faculty table:
Faculty id: 219
Name: Mr. Vijay Hasan Puri
Designation: Assistant Professor
Department id: 1
Department id (from departments): 1
Department name (from departments): Department of Economics
---
[12] Score: 0.774
Record from faculty table:
Faculty id: 93
Name: Dr. Neha Janu
Designation: Associate Professor
Department id: 5
Department id (from departments): 5
Department name (from departments): Department of Computer Science & Engineering
---
[13] Score: 0.774
Record from faculty table:
Faculty id: 126
Name: Mr. Tarun Jain
Designation: Assistant Professor (Senior Scale)
Department id: 5
Department id (from departments): 5
Department name (from departments): Department of Computer Science & Engineering
---
[14] Score: 0.774
Record from faculty table:
Faculty id: 207
Name: Dr. Sunita Singhal
Designation: Associate Professor (Senior Scale)
Department id: 1
Department id (from departments): 1
Department name (from departments): Department of Economics
---
[15] Score: 0.774
Record from faculty table:
Faculty id: 54
Name: Dr. Aditya Sinha
Designation: Assistant Professor
Department id: 5
Department id (from departments): 5
Department name (from departments): Department of Computer Science & Engineering
---
[16] Score: 0.773
Record from faculty table:
Faculty id: 251
Name: Dr. Gulab Chand
Designation: Assistant Professor (Senior Scale)
Department id: 3
Department id (from departments): 3
Department name (from departments): Department of Languages, Literatures and Cultural Studies
---
[17] Score: 0.773
Record from faculty table:
Faculty id: 244
Name: Dr. Utsav Krishan Murari
Designation: Assistant Professor
Department id: 2
Department id (from departments): 2
Department name (from departments): Department of Journalism and Mass Communication
---
[18] Score: 0.773
Record from faculty table:
Faculty id: 201
Name: Dr. Shikha Mundra
Designation: Assistant Professor (Senior Scale)
Department id: 1
Department id (from departments): 1
Department name (from departments): Department of Economics
---
[19] Score: 0.773
Record from faculty table:
Faculty id: 114
Name: Dr. Shikha Mundra
Designation: Assistant Professor (Senior Scale)
Department id: 5
Department id (from departments): 5
Department name (from departments): Department of Computer Science & Engineering
---
[20] Score: 0.773
Record from faculty table:
Faculty id: 213
Name: Mr. Tarun Jain
Designation: Assistant Professor (Senior Scale)
Department id: 1
Department id (from departments): 1
Department name (from departments): Department of Economics
---

--- Query: who is the hod of cse? ---
[1] Score: 0.800
Record from faculty table:
Faculty id: 52
Name: Dr. Mahesh Jangid
Designation: Associate Professor & Deputy HoD
Department id: 5
Department id (from departments): 5
Department name (from departments): Department of Computer Science & Engineering
---
[2] Score: 0.794
Record from faculty table:
Faculty id: 51
Name: Dr. Neha Chaudhary
Designation: Professor & HoD
Department id: 5
Department id (from departments): 5
Department name (from departments): Department of Computer Science & Engineering
---
[3] Score: 0.794
Record from faculty table:
Faculty id: 139
Name: Dr. Mahesh Jangid
Designation: Associate Professor & Deputy HoD
Department id: 1
Department id (from departments): 1
Department name (from departments): Department of Economics
---
[4] Score: 0.785
Record from faculty table:
Faculty id: 138
Name: Dr. Neha Chaudhary
Designation: Professor & HoD
Department id: 1
Department id (from departments): 1
Department name (from departments): Department of Economics
---
[5] Score: 0.785
Record from department table:
Id: 1
Name: Department of Computer Science & Engineering
---
[6] Score: 0.778
Record from subjects table:
Subject id: 1
Subject name: DAA
---
[7] Score: 0.776
Record from departments table:
Department id: 5
Department name: Department of Computer Science & Engineering
---
[8] Score: 0.776
Record from faculty table:
Faculty id: 223
Name: Dr. Sunny Dawar
Designation: Associate Professor & HoD (I/C)
Department id: 1
Department id (from departments): 1
Department name (from departments): Department of Economics
---
[9] Score: 0.774
Record from faculty table:
Faculty id: 88
Name: Dr. Manu Shrivastava
Designation: Assistant Professor (Senior Scale)
Department id: 5
Department id (from departments): 5
Department name (from departments): Department of Computer Science & Engineering
---
[10] Score: 0.774
Record from faculty table:
Faculty id: 229
Name: Dr. Shilpi Gupta
Designation: Associate Professor (Senior Scale)
Department id: 1
Department id (from departments): 1
Department name (from departments): Department of Economics
---
[11] Score: 0.774
Record from faculty table:
Faculty id: 219
Name: Mr. Vijay Hasan Puri
Designation: Assistant Professor
Department id: 1
Department id (from departments): 1
Department name (from departments): Department of Economics
---
[12] Score: 0.774
Record from faculty table:
Faculty id: 93
Name: Dr. Neha Janu
Designation: Associate Professor
Department id: 5
Department id (from departments): 5
Department name (from departments): Department of Computer Science & Engineering
---
[13] Score: 0.774
Record from faculty table:
Faculty id: 126
Name: Mr. Tarun Jain
Designation: Assistant Professor (Senior Scale)
Department id: 5
Department id (from departments): 5
Department name (from departments): Department of Computer Science & Engineering
---
[14] Score: 0.774
Record from faculty table:
Faculty id: 207
Name: Dr. Sunita Singhal
Designation: Associate Professor (Senior Scale)
Department id: 1
Department id (from departments): 1
Department name (from departments): Department of Economics
---
[15] Score: 0.774
Record from faculty table:
Faculty id: 54
Name: Dr. Aditya Sinha
Designation: Assistant Professor
Department id: 5
Department id (from departments): 5
Department name (from departments): Department of Computer Science & Engineering
---
[16] Score: 0.773
Record from faculty table:
Faculty id: 251
Name: Dr. Gulab Chand
Designation: Assistant Professor (Senior Scale)
Department id: 3
Department id (from departments): 3
Department name (from departments): Department of Languages, Literatures and Cultural Studies
---
[17] Score: 0.773
Record from faculty table:
Faculty id: 244
Name: Dr. Utsav Krishan Murari
Designation: Assistant Professor
Department id: 2
Department id (from departments): 2
Department name (from departments): Department of Journalism and Mass Communication
---
[18] Score: 0.773
Record from faculty table:
Faculty id: 201
Name: Dr. Shikha Mundra
Designation: Assistant Professor (Senior Scale)
Department id: 1
Department id (from departments): 1
Department name (from departments): Department of Economics
---
[19] Score: 0.773
Record from faculty table:
Faculty id: 114
Name: Dr. Shikha Mundra
Designation: Assistant Professor (Senior Scale)
Department id: 5
Department id (from departments): 5
Department name (from departments): Department of Computer Science & Engineering
---
[20] Score: 0.773
Record from faculty table:
Faculty id: 213
Name: Mr. Tarun Jain
Designation: Assistant Professor (Senior Scale)
Department id: 1
Department id (from departments): 1
Department name (from departments): Department of Economics
---

--- Query: who is the hod of cse? ---
[1] Score: 0.800
Record from faculty table:
Faculty id: 52
Name: Dr. Mahesh Jangid
Designation: Associate Professor & Deputy HoD
Department id: 5
Department id (from departments): 5
Department name (from departments): Department of Computer Science & Engineering
---
[2] Score: 0.794
Record from faculty table:
Faculty id: 51
Name: Dr. Neha Chaudhary
Designation: Professor & HoD
Department id: 5
Department id (from departments): 5
Department name (from departments): Department of Computer Science & Engineering
---
[3] Score: 0.794
Record from faculty table:
Faculty id: 139
Name: Dr. Mahesh Jangid
Designation: Associate Professor & Deputy HoD
Department id: 1
Department id (from departments): 1
Department name (from departments): Department of Economics
---
[4] Score: 0.785
Record from faculty table:
Faculty id: 138
Name: Dr. Neha Chaudhary
Designation: Professor & HoD
Department id: 1
Department id (from departments): 1
Department name (from departments): Department of Economics
---
[5] Score: 0.785
Record from department table:
Id: 1
Name: Department of Computer Science & Engineering
---
[6] Score: 0.778
Record from subjects table:
Subject id: 1
Subject name: DAA
---
[7] Score: 0.776
Record from departments table:
Department id: 5
Department name: Department of Computer Science & Engineering
---
[8] Score: 0.776
Record from faculty table:
Faculty id: 223
Name: Dr. Sunny Dawar
Designation: Associate Professor & HoD (I/C)
Department id: 1
Department id (from departments): 1
Department name (from departments): Department of Economics
---
[9] Score: 0.774
Record from faculty table:
Faculty id: 88
Name: Dr. Manu Shrivastava
Designation: Assistant Professor (Senior Scale)
Department id: 5
Department id (from departments): 5
Department name (from departments): Department of Computer Science & Engineering
---
[10] Score: 0.774
Record from faculty table:
Faculty id: 229
Name: Dr. Shilpi Gupta
Designation: Associate Professor (Senior Scale)
Department id: 1
Department id (from departments): 1
Department name (from departments): Department of Economics
---
[11] Score: 0.774
Record from faculty table:
Faculty id: 219
Name: Mr. Vijay Hasan Puri
Designation: Assistant Professor
Department id: 1
Department id (from departments): 1
Department name (from departments): Department of Economics
---
[12] Score: 0.774
Record from faculty table:
Faculty id: 93
Name: Dr. Neha Janu
Designation: Associate Professor
Department id: 5
Department id (from departments): 5
Department name (from departments): Department of Computer Science & Engineering
---
[13] Score: 0.774
Record from faculty table:
Faculty id: 126
Name: Mr. Tarun Jain
Designation: Assistant Professor (Senior Scale)
Department id: 5
Department id (from departments): 5
Department name (from departments): Department of Computer Science & Engineering
---
[14] Score: 0.774
Record from faculty table:
Faculty id: 207
Name: Dr. Sunita Singhal
Designation: Associate Professor (Senior Scale)
Department id: 1
Department id (from departments): 1
Department name (from departments): Department of Economics
---
[15] Score: 0.774
Record from faculty table:
Faculty id: 54
Name: Dr. Aditya Sinha
Designation: Assistant Professor
Department id: 5
Department id (from departments): 5
Department name (from departments): Department of Computer Science & Engineering
---
[16] Score: 0.773
Record from faculty table:
Faculty id: 251
Name: Dr. Gulab Chand
Designation: Assistant Professor (Senior Scale)
Department id: 3
Department id (from departments): 3
Department name (from departments): Department of Languages, Literatures and Cultural Studies
---
[17] Score: 0.773
Record from faculty table:
Faculty id: 244
Name: Dr. Utsav Krishan Murari
Designation: Assistant Professor
Department id: 2
Department id (from departments): 2
Department name (from departments): Department of Journalism and Mass Communication
---
[18] Score: 0.773
Record from faculty table:
Faculty id: 201
Name: Dr. Shikha Mundra
Designation: Assistant Professor (Senior Scale)
Department id: 1
Department id (from departments): 1
Department name (from departments): Department of Economics
---
[19] Score: 0.773
Record from faculty table:
Faculty id: 114
Name: Dr. Shikha Mundra
Designation: Assistant Professor (Senior Scale)
Department id: 5
Department id (from departments): 5
Department name (from departments): Department of Computer Science & Engineering
---
[20] Score: 0.773
Record from faculty table:
Faculty id: 213
Name: Mr. Tarun Jain
Designation: Assistant Professor (Senior Scale)
Department id: 1
Department id (from departments): 1
Department name (from departments): Department of Economics
---

--- Query: who is the hod of cse? ---
[1] Score: 0.800
Record from faculty table:
Faculty id: 52
Name: Dr. Mahesh Jangid
Designation: Associate Professor & Deputy HoD
Department id: 5
Department id (from departments): 5
Department name (from departments): Department of Computer Science & Engineering
---
[2] Score: 0.794
Record from faculty table:
Faculty id: 51
Name: Dr. Neha Chaudhary
Designation: Professor & HoD
Department id: 5
Department id (from departments): 5
Department name (from departments): Department of Computer Science & Engineering
---
[3] Score: 0.794
Record from faculty table:
Faculty id: 139
Name: Dr. Mahesh Jangid
Designation: Associate Professor & Deputy HoD
Department id: 1
Department id (from departments): 1
Department name (from departments): Department of Economics
---
[4] Score: 0.785
Record from faculty table:
Faculty id: 138
Name: Dr. Neha Chaudhary
Designation: Professor & HoD
Department id: 1
Department id (from departments): 1
Department name (from departments): Department of Economics
---
[5] Score: 0.785
Record from department table:
Id: 1
Name: Department of Computer Science & Engineering
---
[6] Score: 0.778
Record from subjects table:
Subject id: 1
Subject name: DAA
---
[7] Score: 0.776
Record from departments table:
Department id: 5
Department name: Department of Computer Science & Engineering
---
[8] Score: 0.776
Record from faculty table:
Faculty id: 223
Name: Dr. Sunny Dawar
Designation: Associate Professor & HoD (I/C)
Department id: 1
Department id (from departments): 1
Department name (from departments): Department of Economics
---
[9] Score: 0.774
Record from faculty table:
Faculty id: 88
Name: Dr. Manu Shrivastava
Designation: Assistant Professor (Senior Scale)
Department id: 5
Department id (from departments): 5
Department name (from departments): Department of Computer Science & Engineering
---
[10] Score: 0.774
Record from faculty table:
Faculty id: 229
Name: Dr. Shilpi Gupta
Designation: Associate Professor (Senior Scale)
Department id: 1
Department id (from departments): 1
Department name (from departments): Department of Economics
---
[11] Score: 0.774
Record from faculty table:
Faculty id: 219
Name: Mr. Vijay Hasan Puri
Designation: Assistant Professor
Department id: 1
Department id (from departments): 1
Department name (from departments): Department of Economics
---
[12] Score: 0.774
Record from faculty table:
Faculty id: 93
Name: Dr. Neha Janu
Designation: Associate Professor
Department id: 5
Department id (from departments): 5
Department name (from departments): Department of Computer Science & Engineering
---
[13] Score: 0.774
Record from faculty table:
Faculty id: 126
Name: Mr. Tarun Jain
Designation: Assistant Professor (Senior Scale)
Department id: 5
Department id (from departments): 5
Department name (from departments): Department of Computer Science & Engineering
---
[14] Score: 0.774
Record from faculty table:
Faculty id: 207
Name: Dr. Sunita Singhal
Designation: Associate Professor (Senior Scale)
Department id: 1
Department id (from departments): 1
Department name (from departments): Department of Economics
---
[15] Score: 0.774
Record from faculty table:
Faculty id: 54
Name: Dr. Aditya Sinha
Designation: Assistant Professor
Department id: 5
Department id (from departments): 5
Department name (from departments): Department of Computer Science & Engineering
---
[16] Score: 0.773
Record from faculty table:
Faculty id: 251
Name: Dr. Gulab Chand
Designation: Assistant Professor (Senior Scale)
Department id: 3
Department id (from departments): 3
Department name (from departments): Department of Languages, Literatures and Cultural Studies
---
[17] Score: 0.773
Record from faculty table:
Faculty id: 244
Name: Dr. Utsav Krishan Murari
Designation: Assistant Professor
Department id: 2
Department id (from departments): 2
Department name (from departments): Department of Journalism and Mass Communication
---
[18] Score: 0.773
Record from faculty table:
Faculty id: 201
Name: Dr. Shikha Mundra
Designation: Assistant Professor (Senior Scale)
Department id: 1
Department id (from departments): 1
Department name (from departments): Department of Economics
---
[19] Score: 0.773
Record from faculty table:
Faculty id: 114
Name: Dr. Shikha Mundra
Designation: Assistant Professor (Senior Scale)
Department id: 5
Department id (from departments): 5
Department name (from departments): Department of Computer Science & Engineering
---
[20] Score: 0.773
Record from faculty table:
Faculty id: 213
Name: Mr. Tarun Jain
Designation: Assistant Professor (Senior Scale)
Department id: 1
Department id (from departments): 1
Department name (from departments): Department of Economics
---

--- Query: who is the hod of department of arts? ---
[1] Score: 0.860
Record from departments table:
Department id: 4
Department name: Department of Arts
---
[2] Score: 0.845
Record from faculty table:
Faculty id: 41
Name: Dr. Richa Arora
Designation: Professor & HoD
Department id: 4
Department id (from departments): 4
Department name (from departments): Department of Arts
---
[3] Score: 0.839
Record from faculty table:
Faculty id: 263
Name: Dr. Richa Arora
Designation: Professor & HoD
Department id: 4
Department id (from departments): 4
Department name (from departments): Department of Arts
---
[4] Score: 0.838
Record from faculty table:
Faculty id: 138
Name: Dr. Neha Chaudhary
Designation: Professor & HoD
Department id: 1
Department id (from departments): 1
Department name (from departments): Department of Economics
---
[5] Score: 0.836
Record from faculty table:
Faculty id: 51
Name: Dr. Neha Chaudhary
Designation: Professor & HoD
Department id: 5
Department id (from departments): 5
Department name (from departments): Department of Computer Science & Engineering
---
[6] Score: 0.835
Record from faculty table:
Faculty id: 139
Name: Dr. Mahesh Jangid
Designation: Associate Professor & Deputy HoD
Department id: 1
Department id (from departments): 1
Department name (from departments): Department of Economics
---
[7] Score: 0.831
Record from faculty table:
Faculty id: 52
Name: Dr. Mahesh Jangid
Designation: Associate Professor & Deputy HoD
Department id: 5
Department id (from departments): 5
Department name (from departments): Department of Computer Science & Engineering
---
[8] Score: 0.830
Record from faculty table:
Faculty id: 48
Name: Dr. Trishna Chaudhuri
Designation: Assistant Professor
Department id: 4
Department id (from departments): 4
Department name (from departments): Department of Arts
---
[9] Score: 0.827
Record from faculty table:
Faculty id: 11
Name: Dr. Sushil Kumar Rai
Designation: Professor & HoD
Department id: 2
Department id (from departments): 2
Department name (from departments): Department of Journalism and Mass Communication
---
[10] Score: 0.826
Record from departments table:
Department id: 3
Department name: Department of Languages, Literatures and Cultural Studies
---
[11] Score: 0.826
Record from faculty table:
Faculty id: 270
Name: Dr. Trishna Chaudhuri
Designation: Assistant Professor
Department id: 4
Department id (from departments): 4
Department name (from departments): Department of Arts
---
[12] Score: 0.822
Record from faculty table:
Faculty id: 233
Name: Dr. Sushil Kumar Rai
Designation: Professor & HoD
Department id: 2
Department id (from departments): 2
Department name (from departments): Department of Journalism and Mass Communication
---
[13] Score: 0.822
Record from faculty table:
Faculty id: 45
Name: Dr. Mansi Vani
Designation: Assistant Professor
Department id: 4
Department id (from departments): 4
Department name (from departments): Department of Arts
---
[14] Score: 0.819
Record from departments table:
Department id: 1
Department name: Department of Economics
---
[15] Score: 0.818
Record from faculty table:
Faculty id: 1
Name: Dr. Sunny Dawar
Designation: Associate Professor & HoD (I/C)
Department id: 1
Department id (from departments): 1
Department name (from departments): Department of Economics
---
[16] Score: 0.818
Record from faculty table:
Faculty id: 43
Name: Dr. Anjalee Narayan
Designation: Assistant Professor
Department id: 4
Department id (from departments): 4
Department name (from departments): Department of Arts
---
[17] Score: 0.817
Record from faculty table:
Faculty id: 267
Name: Dr. Mansi Vani
Designation: Assistant Professor
Department id: 4
Department id (from departments): 4
Department name (from departments): Department of Arts
---
[18] Score: 0.817
Record from faculty table:
Faculty id: 29
Name: Dr. Gulab Chand
Designation: Assistant Professor (Senior Scale)
Department id: 3
Department id (from departments): 3
Department name (from departments): Department of Languages, Literatures and Cultural Studies
---
[19] Score: 0.816
Record from faculty table:
Faculty id: 46
Name: Dr. Nagaraj Naragunda
Designation: Assistant Professor
Department id: 4
Department id (from departments): 4
Department name (from departments): Department of Arts
---
[20] Score: 0.816
Record from faculty table:
Faculty id: 223
Name: Dr. Sunny Dawar
Designation: Associate Professor & HoD (I/C)
Department id: 1
Department id (from departments): 1
Department name (from departments): Department of Economics
---
